HI-TECH Software C Compiler 

Linker command line:

\
  --edf=C:\Program Files (x86)\HI-TECH Software\PICC-18\PRO\9.63\dat\en_msgs.txt \
  -cs -h+HW_3-8.sym -z -Q18F4620 -ol.obj -MHW_3-8.map -E1 \
  -ACODE=0800h-0FFFFh -ACONST=00h-0FFFFh -ASMALLCONST=01000h-010FFhx240 \
  -AMEDIUMCONST=01000h-0FFFFh -ARAM=00h-0FFhx15,0F00h-0F7Fh \
  -ABIGRAM=00h-0F7Fh -ACOMRAM=00h-07Fh -AABS1=00h-0F7Fh -ABANK0=00h-0FFh \
  -ABANK1=0100h-01FFh -ABANK2=0200h-02FFh -ABANK3=0300h-03FFh \
  -ABANK4=0400h-04FFh -ABANK5=0500h-05FFh -ABANK6=0600h-06FFh \
  -ABANK7=0700h-07FFh -ABANK8=0800h-08FFh -ABANK9=0900h-09FFh \
  -ABANK10=0A00h-0AFFh -ABANK11=0B00h-0BFFh -ABANK12=0C00h-0CFFh \
  -ABANK13=0D00h-0DFFh -ABANK14=0E00h-0EFFh -ABANK15=0F00h-0F7Fh \
  -ANVRAM=0F00h-0F7Fh \
  -preset_vec=0800h,intcode=0808h,intcodelo,powerup,init,end_init \
  -pramtop=01000h -psmallconst=SMALLCONST -pmediumconst=MEDIUMCONST \
  -pconst=CONST -pparam1=BANK1 -AFARRAM=00h-00h -ACONFIG=0300000h-030000Dh \
  -pconfig=CONFIG -AIDLOC=0200000h-0200007h -pidloc=IDLOC \
  -AEEDATA=0F00000h-0F003FFh -peeprom_data=EEDATA \
  -prdata=COMRAM,nvrram=COMRAM,nvbit=COMRAM,rbss=COMRAM,rbit=COMRAM \
  -pfarbss=FARRAM,fardata=FARRAM \
  -pintsave_regs=BIGRAM,bigbss=BIGRAM,bigdata=BIGRAM -pbss=RAM \
  -pidata=CODE,irdata=CODE,ibigdata=CODE,ifardata=CODE \
  C:\Users\leeee\AppData\Local\Temp\s9k0.obj HW_3-8.obj 

Object code version is 3.10

Machine type is 18F4620

Call graph: (short form)

*_main size 0,4 offset 0
     _LCD_Init size 0,1 offset 4
         _LCD_Inst size 1,1 offset 6
             _LCD_Strobe size 0,0 offset 18
                 _LCD_Pause size 0,2 offset 18
             _Wait_ms size 2,4 offset 8
         _Wait_ms size 2,4 offset 8
     _LCD_Move size 2,0 offset 4
         _LCD_Inst size 1,1 offset 6
     _LCD_Write size 1,1 offset 16
         _LCD_Strobe size 0,0 offset 18
     _Wait_ms size 2,4 offset 8
     _LCD_Inst size 1,1 offset 6
     _rand size 2,0 offset 4
         _srand size 2,1 offset 6
         ___lmul size 8,4 offset 6
     ___awmod size 4,3 offset 4
*    _LCD_Out size 4,8 offset 4
         ___lwmod size 4,2 offset 16
*        ___lwdiv size 4,4 offset 16
         _LCD_Write size 1,1 offset 16

Estimated maximum call depth: 4

*intlevel2 size 0,0 offset 24
*    _IntServe size 0,14 offset 24

Estimated maximum call depth: 1


                Name          Link     Load   Length Selector Space Scale
C:\Users\leeee\AppData\Local\Temp\s9k0.obj
                end_init       824      824       12     404     0
                init           818      818        C     404     0
                reset_vec      800      800        4     400     0
HW_3-8.obj      intcode        808      808       10     404     0
                smallcons     1000     1000       2C     800     0
                text13        1876     1876       7E     816     0
                text14        197E     197E       36     816     0
                text12        19D2     19D2       14     816     0
                text10        18F4     18F4       4E     816     0
                text11        1942     1942       3C     816     0
                text15        142A     142A       BC     816     0
                text9         19B4     19B4       1E     816     0
                text2         17F2     17F2       84     816     0
                text3         176C     176C       86     816     0
                text1         1322     1322      108     816     0
                text0         102C     102C      1D2     816     0
                text7         1642     1642       98     816     0
                text8         14E6     14E6       B8     816     0
                text6         159E     159E       A4     816     0
                text4         11FE     11FE      124     816     0
                text5         16DA     16DA       92     816     0

COMMON          param1         100      100       26     100     1

TOTAL           Name          Link     Load   Length  Space
        CLASS   CODE           
                end_init       824      824       12     0
                intcode        808      808       10     0
                init           818      818        C     0
                reset_vec      800      800        4     0
                text13        1876     1876       7E     0
                text14        197E     197E       36     0
                text12        19D2     19D2       14     0
                text10        18F4     18F4       4E     0
                text11        1942     1942       3C     0
                text15        142A     142A       BC     0
                text9         19B4     19B4       1E     0
                text2         17F2     17F2       84     0
                text3         176C     176C       86     0
                text1         1322     1322      108     0
                text0         102C     102C      1D2     0
                text7         1642     1642       98     0
                text8         14E6     14E6       B8     0
                text6         159E     159E       A4     0
                text4         11FE     11FE      124     0
                text5         16DA     16DA       92     0

        CLASS   CONST          

        CLASS   SMALLCONST     
                smallcons     1000     1000       2C     0

        CLASS   MEDIUMCONST    

        CLASS   RAM            

        CLASS   BIGRAM         

        CLASS   COMRAM         

        CLASS   ABS1           
                abs_s1           0        0        C     1

        CLASS   BANK0          

        CLASS   BANK1          
                param1         100      100       26     1

        CLASS   BANK2          

        CLASS   BANK3          

        CLASS   BANK4          

        CLASS   BANK5          

        CLASS   BANK6          

        CLASS   BANK7          

        CLASS   BANK8          

        CLASS   BANK9          

        CLASS   BANK10         

        CLASS   BANK11         

        CLASS   BANK12         

        CLASS   BANK13         

        CLASS   BANK14         

        CLASS   BANK15         

        CLASS   NVRAM          

        CLASS   FARRAM         

        CLASS   CONFIG         

        CLASS   IDLOC          

        CLASS   EEDATA         



SEGMENTS        Name           Load    Length   Top     Selector    Space Class

                param1          000100  000026  000126       100       1  BANK1   
                reset_vec       000800  000004  000804       400       0  CODE    
                intcode         000808  00002E  000836       404       0  CODE    
                smallconst      001000  00002C  00102C       800       0  SMALLCON
                idata           00102C  0009BA  0019E6       816       0  CODE    


UNUSED ADDRESS RANGES

        BANK0            00000C-0000FF
        BANK1            000126-0001FF
        BANK10           000A00-000AFF
        BANK11           000B00-000BFF
        BANK12           000C00-000CFF
        BANK13           000D00-000DFF
        BANK14           000E00-000EFF
        BANK15           000F00-000F7F
        BANK2            000200-0002FF
        BANK3            000300-0003FF
        BANK4            000400-0004FF
        BANK5            000500-0005FF
        BANK6            000600-0006FF
        BANK7            000700-0007FF
        BANK8            000800-0008FF
        BANK9            000900-0009FF
        BIGRAM           00000C-0000FF
                         000126-000F7F
        CODE             000804-000807
                         000836-000FFF
                         0019E6-00FFFF
        COMRAM           00000C-00007F
        CONFIG           300000-30000D
        CONST            000000-0007FF
                         000804-000807
                         000836-000FFF
                         0019E6-00FFFF
        EEDATA           F00000-F003FF
        FARRAM           000000-000000
        IDLOC            200000-200007
        MEDIUMCONST      0019E6-00FFFF
        NVRAM            000F00-000F7F
        RAM              00000C-0000FF
                         000126-000F7F
        SMALLCONST       0019E6-00FFFF

                                  Symbol Table

??_IntServe          param1       000118
??_LCD_Init          param1       000104
??_LCD_Inst          param1       000107
??_LCD_Move          param1       000106
??_LCD_Out           param1       000108
??_LCD_Pause         param1       000112
??_LCD_Strobe        param1       000112
??_LCD_Write         param1       000111
??_Wait_ms           param1       00010A
??___awmod           param1       000108
??___lmul            param1       00010E
??___lwdiv           param1       000114
??___lwmod           param1       000114
??_main              param1       000100
??_rand              param1       000106
??_srand             param1       000108
?_IntServe           param1       000118
?_LCD_Init           param1       000104
?_LCD_Inst           param1       000106
?_LCD_Move           param1       000104
?_LCD_Out            param1       000104
?_LCD_Pause          param1       000112
?_LCD_Strobe         param1       000112
?_LCD_Write          param1       000110
?_Wait_ms            param1       000108
?___awmod            param1       000104
?___lmul             param1       000106
?___lwdiv            param1       000110
?___lwmod            param1       000110
?_main               param1       000100
?_rand               param1       000104
?_srand              param1       000106
LCD_Inst@c           param1       000106
LCD_Move@Col         param1       000105
LCD_Move@Row         param1       000104
LCD_Out@A            param1       000109
LCD_Out@DATA         param1       000104
LCD_Out@N            param1       000106
LCD_Out@i            param1       000108
LCD_Pause@x          param1       000112
LCD_Write@c          param1       000110
Wait_ms@X            param1       000108
Wait_ms@i            param1       00010A
Wait_ms@j            param1       00010C
_ADCON1              (abs)        000FC1
_GIE                 (abs)        007F97
_IntServe            text15       00142A
_LCD_Init            text5        0016DA
_LCD_Inst            text10       0018F4
_LCD_Move            text2        0017F2
_LCD_Out             text4        0011FE
_LCD_Pause           text14       00197E
_LCD_Strobe          text12       0019D2
_LCD_Write           text11       001942
_MSG0                smallconst   001001
_MSG1                smallconst   001016
_PEIE                (abs)        007F96
_PORTD               (abs)        000F83
_PR2                 (abs)        000FCB
_RA1                 (abs)        007C01
_RB0                 (abs)        007C08
_RB1                 (abs)        007C09
_RB2                 (abs)        007C0A
_RC0                 (abs)        007C10
_RD1                 (abs)        007C19
_RD2                 (abs)        007C1A
_RD3                 (abs)        007C1B
_RUN                 (abs)        000002
_T2CON               (abs)        000FCA
_TEMP                (abs)        000008
_TEMP2               (abs)        00000A
_TIME                (abs)        000000
_TMR2IE              (abs)        007CE9
_TMR2IF              (abs)        007CF1
_TMR2IP              (abs)        007CF9
_TRISA               (abs)        000F92
_TRISB               (abs)        000F93
_TRISC               (abs)        000F94
_TRISD               (abs)        000F95
_TRMT                (abs)        007D61
_TXREG               (abs)        000FAD
_Wait_ms             text13       001876
__Bnvbit             nvbit        00000C
__Brbit              rbit         00000C
__HRAM               (abs)        000000
__Habsbss0           (abs)        00000C
__Hbigbss            bigbss       000126
__Hbigdata           bigdata      000126
__Hbss               bss          00000C
__Hclrtext           clrtext      00102C
__Hconfig            config       300000
__Hconst             const        00102C
__Hdata              data         00102C
__Heeprom_data       eeprom_data  F00000
__Hend_init          end_init     000836
__Hfarbss            farbss       000000
__Hfardata           fardata      000000
__Hibigdata          ibigdata     00102C
__Hidata             idata        00102C
__Hidloc             idloc        200000
__Hifardata          ifardata     00102C
__Hinit              init         000824
__Hintcode           intcode      000818
__Hintcodelo         intcodelo    000818
__Hintentry          intentry     00102C
__Hintret            intret       00102C
__Hintsave_regs      intsave_regs 000126
__Hirdata            irdata       00102C
__Hmediumconst       mediumconst  00102C
__Hnvbit             nvbit        000060
__Hnvram             nvram        00102C
__Hnvrram            nvrram       00000C
__Hparam             param1       000126
__Hparam0            param0       00102C
__Hparam1            param1       000126
__Hparam10           param10      00102C
__Hparam11           param11      00102C
__Hparam12           param12      00102C
__Hparam13           param13      00102C
__Hparam14           param14      00102C
__Hparam15           param15      00102C
__Hparam2            param2       00102C
__Hparam3            param3       00102C
__Hparam4            param4       00102C
__Hparam5            param5       00102C
__Hparam6            param6       00102C
__Hparam7            param7       00102C
__Hparam8            param8       00102C
__Hparam9            param9       00102C
__Hpowerup           powerup      000818
__Hramtop            ramtop       001000
__Hrbit              rbit         000060
__Hrbss              rbss         00000C
__Hrdata             rdata        00000C
__Hreset_vec         reset_vec    000804
__Hrparam            rparam       00102C
__Hsmallconst        smallconst   00102C
__Hstruct            struct       00000C
__Htemp              temp         00000C
__Htext              text         00102C
__Htext0             text0        00102C
__Htext1             text1        00102C
__Htext10            text10       00102C
__Htext11            text11       00102C
__Htext12            text12       00102C
__Htext13            text13       00102C
__Htext14            text14       00102C
__Htext15            text15       00102C
__Htext2             text2        00102C
__Htext3             text3        00102C
__Htext4             text4        00102C
__Htext5             text5        00102C
__Htext6             text6        00102C
__Htext7             text7        00102C
__Htext8             text8        00102C
__Htext9             text9        00102C
__LRAM               (abs)        000001
__Labsbss0           (abs)        000000
__Lbigbss            bigbss       000126
__Lbigdata           bigdata      000126
__Lbss               bss          00000C
__Lclrtext           clrtext      00102C
__Lconfig            config       300000
__Lconst             const        00102C
__Ldata              (abs)        000000
__Leeprom_data       eeprom_data  F00000
__Lend_init          end_init     000824
__Lfarbss            farbss       000000
__Lfardata           fardata      000000
__Libigdata          ibigdata     00102C
__Lidata             idata        00102C
__Lidloc             idloc        200000
__Lifardata          ifardata     00102C
__Linit              init         000818
__Lintcode           intcode      000808
__Lintcodelo         intcodelo    000818
__Lintentry          intentry     00102C
__Lintret            intret       00102C
__Lintsave_regs      intsave_regs 000126
__Lirdata            irdata       00102C
__Lmediumconst       mediumconst  00102C
__Lnvbit             nvbit        000060
__Lnvram             nvram        00102C
__Lnvrram            nvrram       00000C
__Lparam             param1       000100
__Lparam0            param0       00102C
__Lparam1            param1       000100
__Lparam10           param10      00102C
__Lparam11           param11      00102C
__Lparam12           param12      00102C
__Lparam13           param13      00102C
__Lparam14           param14      00102C
__Lparam15           param15      00102C
__Lparam2            param2       00102C
__Lparam3            param3       00102C
__Lparam4            param4       00102C
__Lparam5            param5       00102C
__Lparam6            param6       00102C
__Lparam7            param7       00102C
__Lparam8            param8       00102C
__Lparam9            param9       00102C
__Lpowerup           powerup      000818
__Lramtop            ramtop       001000
__Lrbit              rbit         000060
__Lrbss              rbss         00000C
__Lrdata             rdata        00000C
__Lreset_vec         reset_vec    000800
__Lrparam            rparam       00102C
__Lsmallconst        smallconst   001000
__Lstruct            struct       00000C
__Ltemp              temp         00000C
__Ltext              text         00102C
__Ltext0             text0        00102C
__Ltext1             text1        00102C
__Ltext10            text10       00102C
__Ltext11            text11       00102C
__Ltext12            text12       00102C
__Ltext13            text13       00102C
__Ltext14            text14       00102C
__Ltext15            text15       00102C
__Ltext2             text2        00102C
__Ltext3             text3        00102C
__Ltext4             text4        00102C
__Ltext5             text5        00102C
__Ltext6             text6        00102C
__Ltext7             text7        00102C
__Ltext8             text8        00102C
__Ltext9             text9        00102C
__S0                 (abs)        F00000
__S1                 (abs)        000F00
___awmod             text1        001322
___awmod@counter     param1       000109
___awmod@dividend    param1       000104
___awmod@divisor     param1       000106
___awmod@sign        param1       000108
___lmul              text6        00159E
___lmul@multiplicand param1       00010A
___lmul@multiplier   param1       000106
___lmul@product      param1       00010E
___lwdiv             text8        0014E6
___lwdiv@counter     param1       000114
___lwdiv@dividend    param1       000110
___lwdiv@divisor     param1       000112
___lwdiv@quotient    param1       000115
___lwmod             text7        001642
___lwmod@counter     param1       000114
___lwmod@dividend    param1       000110
___lwmod@divisor     param1       000112
__accesstop          (abs)        000080
__activetblptr       (abs)        000003
__end_of_IntServe    text15       0014E6
__end_of_LCD_Init    text5        00176C
__end_of_LCD_Inst    text10       001942
__end_of_LCD_Move    text2        001876
__end_of_LCD_Out     text4        001322
__end_of_LCD_Pause   text14       0019B4
__end_of_LCD_Strobe  text12       0019E6
__end_of_LCD_Write   text11       00197E
__end_of_Wait_ms     text13       0018F4
__end_of___awmod     text1        00142A
__end_of___lmul      text6        001642
__end_of___lwdiv     text8        00159E
__end_of___lwmod     text7        0016DA
__end_of_main        text0        0011FE
__end_of_rand        text3        0017F2
__end_of_srand       text9        0019D2
__mediumconst        mediumconst  00102C
__ramtop             ramtop       001000
__smallconst         smallconst   001000
_exit                init         000818
_main                text0        00102C
_rand                text3        00176C
_randf               (abs)        000003
_randx               (abs)        000004
_srand               text9        0019B4
int_func             intcode      000808
intlevel0            text         0019E6
intlevel1            text         0019E6
intlevel2            text         0019E6
intlevel3            text         0019E6
main@i               param1       000100
srand@x              param1       000106
start                init         000818
