HI-TECH Software C Compiler 

Linker command line:

\
  --edf=C:\Program Files (x86)\HI-TECH Software\PICC-18\PRO\9.63\dat\en_msgs.txt \
  -cs -h+HW8_1.sym -z -Q18F4620 -ol.obj -MHW8_1.map -E1 -ACODE=0800h-0FFFFh \
  -ACONST=00h-0FFFFh -ASMALLCONST=01000h-010FFhx240 \
  -AMEDIUMCONST=01000h-0FFFFh -ARAM=00h-0FFhx15,0F00h-0F7Fh \
  -ABIGRAM=00h-0F7Fh -ACOMRAM=00h-07Fh -AABS1=00h-0F7Fh -ABANK0=00h-0FFh \
  -ABANK1=0100h-01FFh -ABANK2=0200h-02FFh -ABANK3=0300h-03FFh \
  -ABANK4=0400h-04FFh -ABANK5=0500h-05FFh -ABANK6=0600h-06FFh \
  -ABANK7=0700h-07FFh -ABANK8=0800h-08FFh -ABANK9=0900h-09FFh \
  -ABANK10=0A00h-0AFFh -ABANK11=0B00h-0BFFh -ABANK12=0C00h-0CFFh \
  -ABANK13=0D00h-0DFFh -ABANK14=0E00h-0EFFh -ABANK15=0F00h-0F7Fh \
  -ANVRAM=0F00h-0F7Fh \
  -preset_vec=0800h,intcode=0808h,intcodelo,powerup,init,end_init \
  -pramtop=01000h -psmallconst=SMALLCONST -pmediumconst=MEDIUMCONST \
  -pconst=CONST -pparam1=BANK1 -AFARRAM=00h-00h -ACONFIG=0300000h-030000Dh \
  -pconfig=CONFIG -AIDLOC=0200000h-0200007h -pidloc=IDLOC \
  -AEEDATA=0F00000h-0F003FFh -peeprom_data=EEDATA \
  -prdata=COMRAM,nvrram=COMRAM,nvbit=COMRAM,rbss=COMRAM,rbit=COMRAM \
  -pfarbss=FARRAM,fardata=FARRAM \
  -pintsave_regs=BIGRAM,bigbss=BIGRAM,bigdata=BIGRAM -pbss=RAM \
  -pidata=CODE,irdata=CODE,ibigdata=CODE,ifardata=CODE \
  C:\Users\leeee\AppData\Local\Temp\s18gk.obj HW8_1.obj 

Object code version is 3.10

Machine type is 18F4620

Call graph: (short form)

*_main size 0,2 offset 0
     _LCD_Init size 0,1 offset 2
         _LCD_Inst size 1,1 offset 4
             _LCD_Strobe size 0,0 offset 17
                 _LCD_Pause size 0,2 offset 17
             _Wait_ms size 2,4 offset 6
         _Wait_ms size 2,4 offset 6
     _LCD_Move size 2,0 offset 2
         _LCD_Inst size 1,1 offset 4
*    _LCD_Out size 4,9 offset 2
         ___lwmod size 4,2 offset 15
*        ___lwdiv size 4,4 offset 15
         _LCD_Write size 1,1 offset 15
             _LCD_Strobe size 0,0 offset 17

Estimated maximum call depth: 4

*intlevel2 size 0,0 offset 23
*    _IntServe size 0,14 offset 23

Estimated maximum call depth: 1


                Name          Link     Load   Length Selector Space Scale
C:\Users\leeee\AppData\Local\Temp\s18gk.obj
                end_init       824      824       12     404     0
                init           818      818        C     404     0
                reset_vec      800      800        4     400     0
HW8_1.obj       intcode        808      808       10     404     0
                text10         E12      E12       36     404     0
                text11         A12      A12       B2     404     0
                text8          E48      E48       14     404     0
                text9          D0A      D0A       7E     404     0
                text7          95A      95A       B8     404     0
                text1          C86      C86       84     404     0
                text2          836      836      124     404     0
                text0          B5C      B5C       98     404     0
                text5          D88      D88       4E     404     0
                text6          DD6      DD6       3C     404     0
                text3          BF4      BF4       92     404     0
                text4          AC4      AC4       98     404     0

COMMON          param1         100      100       25     100     1

TOTAL           Name          Link     Load   Length  Space
        CLASS   CODE           
                end_init       824      824       12     0
                intcode        808      808       10     0
                init           818      818        C     0
                reset_vec      800      800        4     0
                text10         E12      E12       36     0
                text11         A12      A12       B2     0
                text8          E48      E48       14     0
                text9          D0A      D0A       7E     0
                text7          95A      95A       B8     0
                text1          C86      C86       84     0
                text2          836      836      124     0
                text0          B5C      B5C       98     0
                text5          D88      D88       4E     0
                text6          DD6      DD6       3C     0
                text3          BF4      BF4       92     0
                text4          AC4      AC4       98     0

        CLASS   CONST          

        CLASS   SMALLCONST     

        CLASS   MEDIUMCONST    

        CLASS   RAM            

        CLASS   BIGRAM         

        CLASS   COMRAM         

        CLASS   ABS1           
                abs_s1           0        0        3     1

        CLASS   BANK0          

        CLASS   BANK1          
                param1         100      100       25     1

        CLASS   BANK2          

        CLASS   BANK3          

        CLASS   BANK4          

        CLASS   BANK5          

        CLASS   BANK6          

        CLASS   BANK7          

        CLASS   BANK8          

        CLASS   BANK9          

        CLASS   BANK10         

        CLASS   BANK11         

        CLASS   BANK12         

        CLASS   BANK13         

        CLASS   BANK14         

        CLASS   BANK15         

        CLASS   NVRAM          

        CLASS   FARRAM         

        CLASS   CONFIG         

        CLASS   IDLOC          

        CLASS   EEDATA         



SEGMENTS        Name           Load    Length   Top     Selector    Space Class

                param1          000100  000025  000125       100       1  BANK1   
                reset_vec       000800  000004  000804       400       0  CODE    
                intcode         000808  000654  000E5C       404       0  CODE    


UNUSED ADDRESS RANGES

        BANK0            000003-0000FF
        BANK1            000125-0001FF
        BANK10           000A00-000AFF
        BANK11           000B00-000BFF
        BANK12           000C00-000CFF
        BANK13           000D00-000DFF
        BANK14           000E00-000EFF
        BANK15           000F00-000F7F
        BANK2            000200-0002FF
        BANK3            000300-0003FF
        BANK4            000400-0004FF
        BANK5            000500-0005FF
        BANK6            000600-0006FF
        BANK7            000700-0007FF
        BANK8            000800-0008FF
        BANK9            000900-0009FF
        BIGRAM           000003-0000FF
                         000125-000F7F
        CODE             000804-000807
                         000E5C-00FFFF
        COMRAM           000003-00007F
        CONFIG           300000-30000D
        CONST            000000-0007FF
                         000804-000807
                         000E5C-00FFFF
        EEDATA           F00000-F003FF
        FARRAM           000000-000000
        IDLOC            200000-200007
        MEDIUMCONST      001000-00FFFF
        NVRAM            000F00-000F7F
        RAM              000003-0000FF
                         000125-000F7F
        SMALLCONST       001000-00FFFF

                                  Symbol Table

??_IntServe         param1       000117
??_LCD_Init         param1       000102
??_LCD_Inst         param1       000105
??_LCD_Move         param1       000104
??_LCD_Out          param1       000106
??_LCD_Pause        param1       000111
??_LCD_Strobe       param1       000111
??_LCD_Write        param1       000110
??_Wait_ms          param1       000108
??___lwdiv          param1       000113
??___lwmod          param1       000113
??_main             param1       000100
?_IntServe          param1       000117
?_LCD_Init          param1       000102
?_LCD_Inst          param1       000104
?_LCD_Move          param1       000102
?_LCD_Out           param1       000102
?_LCD_Pause         param1       000111
?_LCD_Strobe        param1       000111
?_LCD_Write         param1       00010F
?_Wait_ms           param1       000106
?___lwdiv           param1       00010F
?___lwmod           param1       00010F
?_main              param1       000100
LCD_Inst@c          param1       000104
LCD_Move@Col        param1       000103
LCD_Move@Row        param1       000102
LCD_Out@A           param1       000107
LCD_Out@DATA        param1       000102
LCD_Out@N           param1       000104
LCD_Out@i           param1       000106
LCD_Pause@x         param1       000111
LCD_Write@c         param1       00010F
Wait_ms@X           param1       000106
Wait_ms@i           param1       000108
Wait_ms@j           param1       00010A
_ADCON1             (abs)        000FC1
_GIE                (abs)        007F97
_IntServe           text11       000A12
_LCD_Init           text3        000BF4
_LCD_Inst           text5        000D88
_LCD_Move           text1        000C86
_LCD_Out            text2        000836
_LCD_Pause          text10       000E12
_LCD_Strobe         text8        000E48
_LCD_Write          text6        000DD6
_PEIE               (abs)        007F96
_PORTD              (abs)        000F83
_PR2                (abs)        000FCB
_RA1                (abs)        007C01
_RB0                (abs)        007C08
_RB1                (abs)        007C09
_RB2                (abs)        007C0A
_RC0                (abs)        007C10
_RD1                (abs)        007C19
_RD2                (abs)        007C1A
_RD3                (abs)        007C1B
_RUN                (abs)        000000
_T2CON              (abs)        000FCA
_TIME               (abs)        000001
_TMR2IE             (abs)        007CE9
_TMR2IF             (abs)        007CF1
_TMR2IP             (abs)        007CF9
_TRISA              (abs)        000F92
_TRISB              (abs)        000F93
_TRISC              (abs)        000F94
_TRISD              (abs)        000F95
_TRMT               (abs)        007D61
_TXREG              (abs)        000FAD
_Wait_ms            text9        000D0A
__Bnvbit            nvbit        000003
__Brbit             rbit         000003
__HRAM              (abs)        000000
__Habsbss0          (abs)        000003
__Hbigbss           bigbss       000125
__Hbigdata          bigdata      000125
__Hbss              bss          000003
__Hclrtext          clrtext      000836
__Hconfig           config       300000
__Hconst            const        000836
__Hdata             data         000836
__Heeprom_data      eeprom_data  F00000
__Hend_init         end_init     000836
__Hfarbss           farbss       000000
__Hfardata          fardata      000000
__Hibigdata         ibigdata     000836
__Hidata            idata        000836
__Hidloc            idloc        200000
__Hifardata         ifardata     000836
__Hinit             init         000824
__Hintcode          intcode      000818
__Hintcodelo        intcodelo    000818
__Hintentry         intentry     000836
__Hintret           intret       000836
__Hintsave_regs     intsave_regs 000125
__Hirdata           irdata       000836
__Hmediumconst      mediumconst  001000
__Hnvbit            nvbit        000018
__Hnvram            nvram        000836
__Hnvrram           nvrram       000003
__Hparam            param1       000125
__Hparam0           param0       000836
__Hparam1           param1       000125
__Hparam10          param10      000836
__Hparam11          param11      000836
__Hparam12          param12      000836
__Hparam13          param13      000836
__Hparam14          param14      000836
__Hparam15          param15      000836
__Hparam2           param2       000836
__Hparam3           param3       000836
__Hparam4           param4       000836
__Hparam5           param5       000836
__Hparam6           param6       000836
__Hparam7           param7       000836
__Hparam8           param8       000836
__Hparam9           param9       000836
__Hpowerup          powerup      000818
__Hramtop           ramtop       001000
__Hrbit             rbit         000018
__Hrbss             rbss         000003
__Hrdata            rdata        000003
__Hreset_vec        reset_vec    000804
__Hrparam           rparam       000836
__Hsmallconst       smallconst   001000
__Hstruct           struct       000003
__Htemp             temp         000003
__Htext             text         000836
__Htext0            text0        000836
__Htext1            text1        000836
__Htext10           text10       000836
__Htext11           text11       000836
__Htext2            text2        000836
__Htext3            text3        000836
__Htext4            text4        000836
__Htext5            text5        000836
__Htext6            text6        000836
__Htext7            text7        000836
__Htext8            text8        000836
__Htext9            text9        000836
__LRAM              (abs)        000001
__Labsbss0          (abs)        000000
__Lbigbss           bigbss       000125
__Lbigdata          bigdata      000125
__Lbss              bss          000003
__Lclrtext          clrtext      000836
__Lconfig           config       300000
__Lconst            const        000836
__Ldata             (abs)        000000
__Leeprom_data      eeprom_data  F00000
__Lend_init         end_init     000824
__Lfarbss           farbss       000000
__Lfardata          fardata      000000
__Libigdata         ibigdata     000836
__Lidata            idata        000836
__Lidloc            idloc        200000
__Lifardata         ifardata     000836
__Linit             init         000818
__Lintcode          intcode      000808
__Lintcodelo        intcodelo    000818
__Lintentry         intentry     000836
__Lintret           intret       000836
__Lintsave_regs     intsave_regs 000125
__Lirdata           irdata       000836
__Lmediumconst      mediumconst  001000
__Lnvbit            nvbit        000018
__Lnvram            nvram        000836
__Lnvrram           nvrram       000003
__Lparam            param1       000100
__Lparam0           param0       000836
__Lparam1           param1       000100
__Lparam10          param10      000836
__Lparam11          param11      000836
__Lparam12          param12      000836
__Lparam13          param13      000836
__Lparam14          param14      000836
__Lparam15          param15      000836
__Lparam2           param2       000836
__Lparam3           param3       000836
__Lparam4           param4       000836
__Lparam5           param5       000836
__Lparam6           param6       000836
__Lparam7           param7       000836
__Lparam8           param8       000836
__Lparam9           param9       000836
__Lpowerup          powerup      000818
__Lramtop           ramtop       001000
__Lrbit             rbit         000018
__Lrbss             rbss         000003
__Lrdata            rdata        000003
__Lreset_vec        reset_vec    000800
__Lrparam           rparam       000836
__Lsmallconst       smallconst   001000
__Lstruct           struct       000003
__Ltemp             temp         000003
__Ltext             text         000836
__Ltext0            text0        000836
__Ltext1            text1        000836
__Ltext10           text10       000836
__Ltext11           text11       000836
__Ltext2            text2        000836
__Ltext3            text3        000836
__Ltext4            text4        000836
__Ltext5            text5        000836
__Ltext6            text6        000836
__Ltext7            text7        000836
__Ltext8            text8        000836
__Ltext9            text9        000836
__S0                (abs)        F00000
__S1                (abs)        000F00
___lwdiv            text7        00095A
___lwdiv@counter    param1       000113
___lwdiv@dividend   param1       00010F
___lwdiv@divisor    param1       000111
___lwdiv@quotient   param1       000114
___lwmod            text4        000AC4
___lwmod@counter    param1       000113
___lwmod@dividend   param1       00010F
___lwmod@divisor    param1       000111
__accesstop         (abs)        000080
__activetblptr      (abs)        000000
__end_of_IntServe   text11       000AC4
__end_of_LCD_Init   text3        000C86
__end_of_LCD_Inst   text5        000DD6
__end_of_LCD_Move   text1        000D0A
__end_of_LCD_Out    text2        00095A
__end_of_LCD_Pause  text10       000E48
__end_of_LCD_Strobe text8        000E5C
__end_of_LCD_Write  text6        000E12
__end_of_Wait_ms    text9        000D88
__end_of___lwdiv    text7        000A12
__end_of___lwmod    text4        000B5C
__end_of_main       text0        000BF4
__mediumconst       mediumconst  001000
__ramtop            ramtop       001000
__smallconst        smallconst   001000
_exit               init         000818
_main               text0        000B5C
int_func            intcode      000808
intlevel0           text         000E5C
intlevel1           text         000E5C
intlevel2           text         000E5C
intlevel3           text         000E5C
start               init         000818
