HI-TECH Software C Compiler 

Linker command line:

\
  --edf=C:\Program Files (x86)\HI-TECH Software\PICC-18\PRO\9.63\dat\en_msgs.txt \
  -cs -h+HW8_2.sym -z -Q18F4620 -ol.obj -MHW8_2.map -E1 -ACODE=0800h-0FFFFh \
  -ACONST=00h-0FFFFh -ASMALLCONST=01000h-010FFhx240 \
  -AMEDIUMCONST=01000h-0FFFFh -ARAM=00h-0FFhx15,0F00h-0F7Fh \
  -ABIGRAM=00h-0F7Fh -ACOMRAM=00h-07Fh -AABS1=00h-0F7Fh -ABANK0=00h-0FFh \
  -ABANK1=0100h-01FFh -ABANK2=0200h-02FFh -ABANK3=0300h-03FFh \
  -ABANK4=0400h-04FFh -ABANK5=0500h-05FFh -ABANK6=0600h-06FFh \
  -ABANK7=0700h-07FFh -ABANK8=0800h-08FFh -ABANK9=0900h-09FFh \
  -ABANK10=0A00h-0AFFh -ABANK11=0B00h-0BFFh -ABANK12=0C00h-0CFFh \
  -ABANK13=0D00h-0DFFh -ABANK14=0E00h-0EFFh -ABANK15=0F00h-0F7Fh \
  -ANVRAM=0F00h-0F7Fh \
  -preset_vec=0800h,intcode=0808h,intcodelo,powerup,init,end_init \
  -pramtop=01000h -psmallconst=SMALLCONST -pmediumconst=MEDIUMCONST \
  -pconst=CONST -pparam0=BANK0 -AFARRAM=00h-00h -ACONFIG=0300000h-030000Dh \
  -pconfig=CONFIG -AIDLOC=0200000h-0200007h -pidloc=IDLOC \
  -AEEDATA=0F00000h-0F003FFh -peeprom_data=EEDATA \
  -prdata=COMRAM,nvrram=COMRAM,nvbit=COMRAM,rbss=COMRAM,rbit=COMRAM \
  -pfarbss=FARRAM,fardata=FARRAM \
  -pintsave_regs=BIGRAM,bigbss=BIGRAM,bigdata=BIGRAM -pbss=RAM \
  -pidata=CODE,irdata=CODE,ibigdata=CODE,ifardata=CODE \
  C:\Users\leeee\AppData\Local\Temp\s1ie8.obj HW8_2.obj 

Object code version is 3.10

Machine type is 18F4620

Call graph: (short form)

*_main size 0,1 offset 0

Estimated maximum call depth: 0

*intlevel2 size 0,0 offset 1
*    _IntServe size 0,13 offset 1

Estimated maximum call depth: 1


                Name          Link     Load   Length Selector Space Scale
C:\Users\leeee\AppData\Local\Temp\s1ie8.obj
                init           818      818        4     404     0
                reset_vec      800      800        4     400     0
HW8_2.obj       intcode        808      808       10     404     0
                smallcons     1000     1000        4     800     0
                text0         107E     107E       5E     802     0
                text1         1004     1004       7A     802     0

COMMON          param0          F2       F2        E      F2     1

TOTAL           Name          Link     Load   Length  Space
        CLASS   CODE           
                intcode        808      808       10     0
                init           818      818        4     0
                reset_vec      800      800        4     0
                text0         107E     107E       5E     0
                text1         1004     1004       7A     0

        CLASS   CONST          

        CLASS   SMALLCONST     
                smallcons     1000     1000        4     0

        CLASS   MEDIUMCONST    

        CLASS   RAM            

        CLASS   BIGRAM         

        CLASS   COMRAM         

        CLASS   ABS1           

        CLASS   BANK0          
                param0          F2       F2        E     1

        CLASS   BANK1          

        CLASS   BANK2          

        CLASS   BANK3          

        CLASS   BANK4          

        CLASS   BANK5          

        CLASS   BANK6          

        CLASS   BANK7          

        CLASS   BANK8          

        CLASS   BANK9          

        CLASS   BANK10         

        CLASS   BANK11         

        CLASS   BANK12         

        CLASS   BANK13         

        CLASS   BANK14         

        CLASS   BANK15         

        CLASS   NVRAM          

        CLASS   FARRAM         

        CLASS   CONFIG         

        CLASS   IDLOC          

        CLASS   EEDATA         



SEGMENTS        Name           Load    Length   Top     Selector    Space Class

                param0          0000F2  00000E  000100        F2       1  BANK0   
                reset_vec       000800  000004  000804       400       0  CODE    
                intcode         000808  000014  00081C       404       0  CODE    
                smallconst      001000  000004  001004       800       0  SMALLCON
                idata           001004  0000D8  0010DC       802       0  CODE    


UNUSED ADDRESS RANGES

        BANK0            000000-0000F1
        BANK1            000100-0001FF
        BANK10           000A00-000AFF
        BANK11           000B00-000BFF
        BANK12           000C00-000CFF
        BANK13           000D00-000DFF
        BANK14           000E00-000EFF
        BANK15           000F00-000F7F
        BANK2            000200-0002FF
        BANK3            000300-0003FF
        BANK4            000400-0004FF
        BANK5            000500-0005FF
        BANK6            000600-0006FF
        BANK7            000700-0007FF
        BANK8            000800-0008FF
        BANK9            000900-0009FF
        BIGRAM           000000-0000F1
                         000100-000F7F
        CODE             000804-000807
                         00081C-000FFF
                         0010DC-00FFFF
        COMRAM           000000-00007F
        CONFIG           300000-30000D
        CONST            000000-0007FF
                         000804-000807
                         00081C-000FFF
                         0010DC-00FFFF
        EEDATA           F00000-F003FF
        FARRAM           000000-000000
        IDLOC            200000-200007
        MEDIUMCONST      0010DC-00FFFF
        NVRAM            000F00-000F7F
        RAM              000000-0000F1
                         000100-000F7F
        SMALLCONST       0010DC-00FFFF

                                  Symbol Table

??_IntServe       param0       0000F3  ??_main           param0       0000F2
?_IntServe        param0       0000F3  ?_main            param0       0000F2
_ADCON1           (abs)        000FC1  _B3               smallconst   001001
_GIE              (abs)        007F97  _IntServe         text1        001004
_PEIE             (abs)        007F96  _PORTB            (abs)        000F81
_PORTD            (abs)        000F83  _PR2              (abs)        000FCB
_RB0              (abs)        007C08  _RC0              (abs)        007C10
_RD1              (abs)        007C19  _RD2              (abs)        007C1A
_RD3              (abs)        007C1B  _T2CON            (abs)        000FCA
_TMR2IE           (abs)        007CE9  _TMR2IF           (abs)        007CF1
_TMR2ON           (abs)        007E52  _TRISA            (abs)        000F92
_TRISB            (abs)        000F93  _TRISC            (abs)        000F94
_TRISD            (abs)        000F95  _TRISE            (abs)        000F96
_TRMT             (abs)        007D61  _TXREG            (abs)        000FAD
__HRAM            (abs)        000000  __Hbigbss         bigbss       000100
__Hbigdata        bigdata      000100  __Hbss            bss          000000
__Hclrtext        clrtext      001004  __Hconfig         config       300000
__Hconst          const        001004  __Hdata           data         001004
__Heeprom_data    eeprom_data  F00000  __Hend_init       end_init     00081C
__Hfarbss         farbss       000000  __Hfardata        fardata      000000
__Hibigdata       ibigdata     001004  __Hidata          idata        001004
__Hidloc          idloc        200000  __Hifardata       ifardata     001004
__Hinit           init         00081C  __Hintcode        intcode      000818
__Hintcodelo      intcodelo    000818  __Hintentry       intentry     001004
__Hintret         intret       001004  __Hintsave_regs   intsave_regs 000100
__Hirdata         irdata       001004  __Hmediumconst    mediumconst  001004
__Hnvbit          nvbit        000000  __Hnvram          nvram        001004
__Hnvrram         nvrram       000000  __Hparam          param0       000100
__Hparam0         param0       000100  __Hparam1         param1       001004
__Hparam10        param10      001004  __Hparam11        param11      001004
__Hparam12        param12      001004  __Hparam13        param13      001004
__Hparam14        param14      001004  __Hparam15        param15      001004
__Hparam2         param2       001004  __Hparam3         param3       001004
__Hparam4         param4       001004  __Hparam5         param5       001004
__Hparam6         param6       001004  __Hparam7         param7       001004
__Hparam8         param8       001004  __Hparam9         param9       001004
__Hpowerup        powerup      000818  __Hramtop         ramtop       001000
__Hrbit           rbit         000000  __Hrbss           rbss         000000
__Hrdata          rdata        000000  __Hreset_vec      reset_vec    000804
__Hrparam         rparam       001004  __Hsmallconst     smallconst   001004
__Hstruct         struct       000000  __Htemp           temp         000000
__Htext           text         001004  __Htext0          text0        001004
__Htext1          text1        001004  __LRAM            (abs)        000001
__Lbigbss         bigbss       000100  __Lbigdata        bigdata      000100
__Lbss            bss          000000  __Lclrtext        clrtext      001004
__Lconfig         config       300000  __Lconst          const        001004
__Ldata           (abs)        000000  __Leeprom_data    eeprom_data  F00000
__Lend_init       end_init     00081C  __Lfarbss         farbss       000000
__Lfardata        fardata      000000  __Libigdata       ibigdata     001004
__Lidata          idata        001004  __Lidloc          idloc        200000
__Lifardata       ifardata     001004  __Linit           init         000818
__Lintcode        intcode      000808  __Lintcodelo      intcodelo    000818
__Lintentry       intentry     001004  __Lintret         intret       001004
__Lintsave_regs   intsave_regs 000100  __Lirdata         irdata       001004
__Lmediumconst    mediumconst  001004  __Lnvbit          nvbit        000000
__Lnvram          nvram        001004  __Lnvrram         nvrram       000000
__Lparam          param0       0000F2  __Lparam0         param0       0000F2
__Lparam1         param1       001004  __Lparam10        param10      001004
__Lparam11        param11      001004  __Lparam12        param12      001004
__Lparam13        param13      001004  __Lparam14        param14      001004
__Lparam15        param15      001004  __Lparam2         param2       001004
__Lparam3         param3       001004  __Lparam4         param4       001004
__Lparam5         param5       001004  __Lparam6         param6       001004
__Lparam7         param7       001004  __Lparam8         param8       001004
__Lparam9         param9       001004  __Lpowerup        powerup      000818
__Lramtop         ramtop       001000  __Lrbit           rbit         000000
__Lrbss           rbss         000000  __Lrdata          rdata        000000
__Lreset_vec      reset_vec    000800  __Lrparam         rparam       001004
__Lsmallconst     smallconst   001000  __Lstruct         struct       000000
__Ltemp           temp         000000  __Ltext           text         001004
__Ltext0          text0        001004  __Ltext1          text1        001004
__S0              (abs)        F00000  __S1              (abs)        000F00
__accesstop       (abs)        000080  __activetblptr    (abs)        000003
__end_of_IntServe text1        00107E  __end_of_main     text0        0010DC
__mediumconst     mediumconst  001004  __ramtop          ramtop       001000
__smallconst      smallconst   001000  _exit             init         000818
_main             text0        00107E  int_func          intcode      000808
intlevel0         text         0010DC  intlevel1         text         0010DC
intlevel2         text         0010DC  intlevel3         text         0010DC
start             init         000818  
